// Jest Snapshot v1, https://goo.gl/fbAQLP

exports[`Todo component renders correctly 1`] = `null`;
